#
# There is insufficient memory for the Java Runtime Environment to continue.
# Native memory allocation (malloc) failed to allocate 32744 bytes for ChunkPool::allocate
# Possible reasons:
#   The system is out of physical RAM or swap space
#   The process is running with CompressedOops enabled, and the Java Heap may be blocking the growth of the native heap
# Possible solutions:
#   Reduce memory load on the system
#   Increase physical memory or swap space
#   Check if swap backing store is full
#   Decrease Java heap size (-Xmx/-Xms)
#   Decrease number of Java threads
#   Decrease Java thread stack sizes (-Xss)
#   Set larger code cache with -XX:ReservedCodeCacheSize=
#   JVM is running with Unscaled Compressed Oops mode in which the Java heap is
#     placed in the first 4GB address space. The Java Heap base address is the
#     maximum limit for the native heap growth. Please use -XX:HeapBaseMinAddress
#     to set the Java Heap base and to place the Java Heap above 4GB virtual address.
# This output file may be truncated or incomplete.
#
#  Out of Memory Error (arena.cpp:78), pid=41876, tid=27540
#
# JRE version: Java(TM) SE Runtime Environment (17.0.4.1+1) (build 17.0.4.1+1-LTS-2)
# Java VM: Java HotSpot(TM) 64-Bit Server VM (17.0.4.1+1-LTS-2, mixed mode, emulated-client, sharing, tiered, compressed oops, compressed class ptrs, g1 gc, windows-amd64)
# No core dump will be written. Minidumps are not enabled by default on client versions of Windows
#

---------------  S U M M A R Y ------------

Command Line: -XX:TieredStopAtLevel=1 -Dspring.output.ansi.enabled=always -Dcom.sun.management.jmxremote -Dspring.jmx.enabled=true -Dspring.liveBeansView.mbeanDomain -Dspring.application.admin.enabled=true -Dmanagement.endpoints.jmx.exposure.include=* -javaagent:D:\IntelliJ IDEA 2024.3.3\lib\idea_rt.jar=56591:D:\IntelliJ IDEA 2024.3.3\bin -Dfile.encoding=UTF-8 com.example.proyecto_camila.ProyectoCamilaApplication

Host: Intel(R) Core(TM) i5-10210U CPU @ 1.60GHz, 8 cores, 3G,  Windows 11 , 64 bit Build 22621 (10.0.22621.3958)
Time: Mon Feb 24 15:41:07 2025 Hora est. Pacífico, Sudamérica elapsed time: 1.123489 seconds (0d 0h 0m 1s)

---------------  T H R E A D  ---------------

Current thread (0x000002458aa0df20):  JavaThread "C1 CompilerThread1" daemon [_thread_in_native, id=27540, stack(0x0000004cf8700000,0x0000004cf8800000)]


Current CompileTask:
C1:   1123  993       1       java.net.URLStreamHandler::parseURL (1201 bytes)

Stack: [0x0000004cf8700000,0x0000004cf8800000]
Native frames: (J=compiled Java code, j=interpreted, Vv=VM code, C=native code)
V  [jvm.dll+0x6723ba]
V  [jvm.dll+0x7d1e34]
V  [jvm.dll+0x7d35de]
V  [jvm.dll+0x7d3c43]
V  [jvm.dll+0x243065]
V  [jvm.dll+0xaa7c0]
V  [jvm.dll+0xaab0c]
V  [jvm.dll+0x177883]
V  [jvm.dll+0x1773ed]
V  [jvm.dll+0x1756f4]
V  [jvm.dll+0x1759ba]
V  [jvm.dll+0x178b33]
V  [jvm.dll+0x132993]
V  [jvm.dll+0x13228f]
V  [jvm.dll+0x1324c6]
V  [jvm.dll+0x13195a]
V  [jvm.dll+0x133621]
V  [jvm.dll+0x224e08]
V  [jvm.dll+0x222f75]
V  [jvm.dll+0x787a0b]
V  [jvm.dll+0x781fca]
V  [jvm.dll+0x671245]
C  [ucrtbase.dll+0x29333]
C  [KERNEL32.DLL+0x1257d]
C  [ntdll.dll+0x5af08]


---------------  P R O C E S S  ---------------

Threads class SMR info:
_java_thread_list=0x000002458bbcf000, length=17, elements={
0x00000245fb0e7dd0, 0x000002458a939bb0, 0x000002458a93a730, 0x000002458a94bb50,
0x000002458a94c500, 0x000002458a94dec0, 0x000002458a94e870, 0x000002458a94f2d0,
0x000002458a960a20, 0x000002458a92c500, 0x000002458aa0df20, 0x000002458b67abd0,
0x000002458b67d410, 0x000002458b7ba0d0, 0x000002458bb5c510, 0x000002458bba2cf0,
0x000002458bbce8d0
}

Java Threads: ( => current thread )
  0x00000245fb0e7dd0 JavaThread "main" [_thread_in_vm, id=33024, stack(0x0000004cf7700000,0x0000004cf7800000)]
  0x000002458a939bb0 JavaThread "Reference Handler" daemon [_thread_blocked, id=34320, stack(0x0000004cf7e00000,0x0000004cf7f00000)]
  0x000002458a93a730 JavaThread "Finalizer" daemon [_thread_blocked, id=31292, stack(0x0000004cf7f00000,0x0000004cf8000000)]
  0x000002458a94bb50 JavaThread "Signal Dispatcher" daemon [_thread_blocked, id=38460, stack(0x0000004cf8000000,0x0000004cf8100000)]
  0x000002458a94c500 JavaThread "Attach Listener" daemon [_thread_blocked, id=43888, stack(0x0000004cf8100000,0x0000004cf8200000)]
  0x000002458a94dec0 JavaThread "Service Thread" daemon [_thread_blocked, id=41508, stack(0x0000004cf8200000,0x0000004cf8300000)]
  0x000002458a94e870 JavaThread "Monitor Deflation Thread" daemon [_thread_blocked, id=35372, stack(0x0000004cf8300000,0x0000004cf8400000)]
  0x000002458a94f2d0 JavaThread "C1 CompilerThread0" daemon [_thread_blocked, id=40496, stack(0x0000004cf8400000,0x0000004cf8500000)]
  0x000002458a960a20 JavaThread "Sweeper thread" daemon [_thread_blocked, id=23804, stack(0x0000004cf8500000,0x0000004cf8600000)]
  0x000002458a92c500 JavaThread "Common-Cleaner" daemon [_thread_blocked, id=18124, stack(0x0000004cf8600000,0x0000004cf8700000)]
=>0x000002458aa0df20 JavaThread "C1 CompilerThread1" daemon [_thread_in_native, id=27540, stack(0x0000004cf8700000,0x0000004cf8800000)]
  0x000002458b67abd0 JavaThread "Monitor Ctrl-Break" daemon [_thread_in_native, id=22380, stack(0x0000004cf8800000,0x0000004cf8900000)]
  0x000002458b67d410 JavaThread "Notification Thread" daemon [_thread_blocked, id=25848, stack(0x0000004cf8900000,0x0000004cf8a00000)]
  0x000002458b7ba0d0 JavaThread "RMI TCP Accept-0" daemon [_thread_in_native, id=43232, stack(0x0000004cf8a00000,0x0000004cf8b00000)]
  0x000002458bb5c510 JavaThread "RMI TCP Connection(1)-192.168.20.51" daemon [_thread_in_native, id=22804, stack(0x0000004cf8b00000,0x0000004cf8c00000)]
  0x000002458bba2cf0 JavaThread "RMI Scheduler(0)" daemon [_thread_blocked, id=46324, stack(0x0000004cf8d00000,0x0000004cf8e00000)]
  0x000002458bbce8d0 JavaThread "JMX server connection timeout 20" daemon [_thread_blocked, id=34188, stack(0x0000004cf8e00000,0x0000004cf8f00000)]

Other Threads:
  0x00000245fb1ae370 VMThread "VM Thread" [stack: 0x0000004cf7d00000,0x0000004cf7e00000] [id=43184]
  0x00000245fb142710 WatcherThread [stack: 0x0000004cf8c00000,0x0000004cf8d00000] [id=22196]
  0x00000245fb124460 GCTaskThread "GC Thread#0" [stack: 0x0000004cf7800000,0x0000004cf7900000] [id=43396]
  0x00000245fb12cda0 ConcurrentGCThread "G1 Main Marker" [stack: 0x0000004cf7900000,0x0000004cf7a00000] [id=39292]
  0x00000245fb12e6c0 ConcurrentGCThread "G1 Conc#0" [stack: 0x0000004cf7a00000,0x0000004cf7b00000] [id=46868]
  0x00000245fb17ffa0 ConcurrentGCThread "G1 Refine#0" [stack: 0x0000004cf7b00000,0x0000004cf7c00000] [id=2084]
  0x00000245fb1818d0 ConcurrentGCThread "G1 Service" [stack: 0x0000004cf7c00000,0x0000004cf7d00000] [id=38312]

Threads with active compile tasks:
C1 CompilerThread1     1187  993       1       java.net.URLStreamHandler::parseURL (1201 bytes)

VM state: not at safepoint (normal execution)

VM Mutex/Monitor currently owned by a thread:  ([mutex/lock_event])
[0x00000245fb0e3300] Metaspace_lock - owner thread: 0x00000245fb0e7dd0

Heap address: 0x00000000c2800000, size: 984 MB, Compressed Oops mode: 32-bit

CDS archive(s) mapped at: [0x0000000800000000-0x0000000800bc0000-0x0000000800bc0000), size 12320768, SharedBaseAddress: 0x0000000800000000, ArchiveRelocationMode: 0.
Compressed class space mapped at: 0x0000000800c00000-0x0000000840c00000, reserved size: 1073741824
Narrow klass base: 0x0000000800000000, Narrow klass shift: 0, Narrow klass range: 0x100000000

GC Precious Log:
 CPUs: 8 total, 8 available
 Memory: 3929M
 Large Page Support: Disabled
 NUMA Support: Disabled
 Compressed Oops: Enabled (32-bit)
 Heap Region Size: 1M
 Heap Min Capacity: 8M
 Heap Initial Capacity: 62M
 Heap Max Capacity: 984M
 Pre-touch: Disabled
 Parallel Workers: 8
 Concurrent Workers: 2
 Concurrent Refinement Workers: 8
 Periodic GC: Disabled

Heap:
 garbage-first heap   total 63488K, used 14336K [0x00000000c2800000, 0x0000000100000000)
  region size 1024K, 15 young (15360K), 0 survivors (0K)
 Metaspace       used 6306K, committed 6528K, reserved 1056768K
  class space    used 782K, committed 896K, reserved 1048576K

Heap Regions: E=young(eden), S=young(survivor), O=old, HS=humongous(starts), HC=humongous(continues), CS=collection set, F=free, OA=open archive, CA=closed archive, TAMS=top-at-mark-start (previous, next)
|   0|0x00000000c2800000, 0x00000000c2800000, 0x00000000c2900000|  0%| F|  |TAMS 0x00000000c2800000, 0x00000000c2800000| Untracked 
|   1|0x00000000c2900000, 0x00000000c2900000, 0x00000000c2a00000|  0%| F|  |TAMS 0x00000000c2900000, 0x00000000c2900000| Untracked 
|   2|0x00000000c2a00000, 0x00000000c2a00000, 0x00000000c2b00000|  0%| F|  |TAMS 0x00000000c2a00000, 0x00000000c2a00000| Untracked 
|   3|0x00000000c2b00000, 0x00000000c2b00000, 0x00000000c2c00000|  0%| F|  |TAMS 0x00000000c2b00000, 0x00000000c2b00000| Untracked 
|   4|0x00000000c2c00000, 0x00000000c2c00000, 0x00000000c2d00000|  0%| F|  |TAMS 0x00000000c2c00000, 0x00000000c2c00000| Untracked 
|   5|0x00000000c2d00000, 0x00000000c2d00000, 0x00000000c2e00000|  0%| F|  |TAMS 0x00000000c2d00000, 0x00000000c2d00000| Untracked 
|   6|0x00000000c2e00000, 0x00000000c2e00000, 0x00000000c2f00000|  0%| F|  |TAMS 0x00000000c2e00000, 0x00000000c2e00000| Untracked 
|   7|0x00000000c2f00000, 0x00000000c2f00000, 0x00000000c3000000|  0%| F|  |TAMS 0x00000000c2f00000, 0x00000000c2f00000| Untracked 
|   8|0x00000000c3000000, 0x00000000c3000000, 0x00000000c3100000|  0%| F|  |TAMS 0x00000000c3000000, 0x00000000c3000000| Untracked 
|   9|0x00000000c3100000, 0x00000000c3100000, 0x00000000c3200000|  0%| F|  |TAMS 0x00000000c3100000, 0x00000000c3100000| Untracked 
|  10|0x00000000c3200000, 0x00000000c3200000, 0x00000000c3300000|  0%| F|  |TAMS 0x00000000c3200000, 0x00000000c3200000| Untracked 
|  11|0x00000000c3300000, 0x00000000c3300000, 0x00000000c3400000|  0%| F|  |TAMS 0x00000000c3300000, 0x00000000c3300000| Untracked 
|  12|0x00000000c3400000, 0x00000000c3400000, 0x00000000c3500000|  0%| F|  |TAMS 0x00000000c3400000, 0x00000000c3400000| Untracked 
|  13|0x00000000c3500000, 0x00000000c3500000, 0x00000000c3600000|  0%| F|  |TAMS 0x00000000c3500000, 0x00000000c3500000| Untracked 
|  14|0x00000000c3600000, 0x00000000c3600000, 0x00000000c3700000|  0%| F|  |TAMS 0x00000000c3600000, 0x00000000c3600000| Untracked 
|  15|0x00000000c3700000, 0x00000000c3700000, 0x00000000c3800000|  0%| F|  |TAMS 0x00000000c3700000, 0x00000000c3700000| Untracked 
|  16|0x00000000c3800000, 0x00000000c3800000, 0x00000000c3900000|  0%| F|  |TAMS 0x00000000c3800000, 0x00000000c3800000| Untracked 
|  17|0x00000000c3900000, 0x00000000c3900000, 0x00000000c3a00000|  0%| F|  |TAMS 0x00000000c3900000, 0x00000000c3900000| Untracked 
|  18|0x00000000c3a00000, 0x00000000c3a00000, 0x00000000c3b00000|  0%| F|  |TAMS 0x00000000c3a00000, 0x00000000c3a00000| Untracked 
|  19|0x00000000c3b00000, 0x00000000c3b00000, 0x00000000c3c00000|  0%| F|  |TAMS 0x00000000c3b00000, 0x00000000c3b00000| Untracked 
|  20|0x00000000c3c00000, 0x00000000c3c00000, 0x00000000c3d00000|  0%| F|  |TAMS 0x00000000c3c00000, 0x00000000c3c00000| Untracked 
|  21|0x00000000c3d00000, 0x00000000c3d00000, 0x00000000c3e00000|  0%| F|  |TAMS 0x00000000c3d00000, 0x00000000c3d00000| Untracked 
|  22|0x00000000c3e00000, 0x00000000c3e00000, 0x00000000c3f00000|  0%| F|  |TAMS 0x00000000c3e00000, 0x00000000c3e00000| Untracked 
|  23|0x00000000c3f00000, 0x00000000c3f00000, 0x00000000c4000000|  0%| F|  |TAMS 0x00000000c3f00000, 0x00000000c3f00000| Untracked 
|  24|0x00000000c4000000, 0x00000000c4000000, 0x00000000c4100000|  0%| F|  |TAMS 0x00000000c4000000, 0x00000000c4000000| Untracked 
|  25|0x00000000c4100000, 0x00000000c4100000, 0x00000000c4200000|  0%| F|  |TAMS 0x00000000c4100000, 0x00000000c4100000| Untracked 
|  26|0x00000000c4200000, 0x00000000c4200000, 0x00000000c4300000|  0%| F|  |TAMS 0x00000000c4200000, 0x00000000c4200000| Untracked 
|  27|0x00000000c4300000, 0x00000000c4300000, 0x00000000c4400000|  0%| F|  |TAMS 0x00000000c4300000, 0x00000000c4300000| Untracked 
|  28|0x00000000c4400000, 0x00000000c4400000, 0x00000000c4500000|  0%| F|  |TAMS 0x00000000c4400000, 0x00000000c4400000| Untracked 
|  29|0x00000000c4500000, 0x00000000c4500000, 0x00000000c4600000|  0%| F|  |TAMS 0x00000000c4500000, 0x00000000c4500000| Untracked 
|  30|0x00000000c4600000, 0x00000000c4600000, 0x00000000c4700000|  0%| F|  |TAMS 0x00000000c4600000, 0x00000000c4600000| Untracked 
|  31|0x00000000c4700000, 0x00000000c4700000, 0x00000000c4800000|  0%| F|  |TAMS 0x00000000c4700000, 0x00000000c4700000| Untracked 
|  32|0x00000000c4800000, 0x00000000c4800000, 0x00000000c4900000|  0%| F|  |TAMS 0x00000000c4800000, 0x00000000c4800000| Untracked 
|  33|0x00000000c4900000, 0x00000000c4900000, 0x00000000c4a00000|  0%| F|  |TAMS 0x00000000c4900000, 0x00000000c4900000| Untracked 
|  34|0x00000000c4a00000, 0x00000000c4a00000, 0x00000000c4b00000|  0%| F|  |TAMS 0x00000000c4a00000, 0x00000000c4a00000| Untracked 
|  35|0x00000000c4b00000, 0x00000000c4b00000, 0x00000000c4c00000|  0%| F|  |TAMS 0x00000000c4b00000, 0x00000000c4b00000| Untracked 
|  36|0x00000000c4c00000, 0x00000000c4c00000, 0x00000000c4d00000|  0%| F|  |TAMS 0x00000000c4c00000, 0x00000000c4c00000| Untracked 
|  37|0x00000000c4d00000, 0x00000000c4d00000, 0x00000000c4e00000|  0%| F|  |TAMS 0x00000000c4d00000, 0x00000000c4d00000| Untracked 
|  38|0x00000000c4e00000, 0x00000000c4e00000, 0x00000000c4f00000|  0%| F|  |TAMS 0x00000000c4e00000, 0x00000000c4e00000| Untracked 
|  39|0x00000000c4f00000, 0x00000000c4f00000, 0x00000000c5000000|  0%| F|  |TAMS 0x00000000c4f00000, 0x00000000c4f00000| Untracked 
|  40|0x00000000c5000000, 0x00000000c5000000, 0x00000000c5100000|  0%| F|  |TAMS 0x00000000c5000000, 0x00000000c5000000| Untracked 
|  41|0x00000000c5100000, 0x00000000c5100000, 0x00000000c5200000|  0%| F|  |TAMS 0x00000000c5100000, 0x00000000c5100000| Untracked 
|  42|0x00000000c5200000, 0x00000000c5200000, 0x00000000c5300000|  0%| F|  |TAMS 0x00000000c5200000, 0x00000000c5200000| Untracked 
|  43|0x00000000c5300000, 0x00000000c5300000, 0x00000000c5400000|  0%| F|  |TAMS 0x00000000c5300000, 0x00000000c5300000| Untracked 
|  44|0x00000000c5400000, 0x00000000c5400000, 0x00000000c5500000|  0%| F|  |TAMS 0x00000000c5400000, 0x00000000c5400000| Untracked 
|  45|0x00000000c5500000, 0x00000000c5500000, 0x00000000c5600000|  0%| F|  |TAMS 0x00000000c5500000, 0x00000000c5500000| Untracked 
|  46|0x00000000c5600000, 0x00000000c5600000, 0x00000000c5700000|  0%| F|  |TAMS 0x00000000c5600000, 0x00000000c5600000| Untracked 
|  47|0x00000000c5700000, 0x00000000c57ec088, 0x00000000c5800000| 92%| E|  |TAMS 0x00000000c5700000, 0x00000000c5700000| Complete 
|  48|0x00000000c5800000, 0x00000000c5900000, 0x00000000c5900000|100%| E|CS|TAMS 0x00000000c5800000, 0x00000000c5800000| Complete 
|  49|0x00000000c5900000, 0x00000000c5a00000, 0x00000000c5a00000|100%| E|CS|TAMS 0x00000000c5900000, 0x00000000c5900000| Complete 
|  50|0x00000000c5a00000, 0x00000000c5b00000, 0x00000000c5b00000|100%| E|CS|TAMS 0x00000000c5a00000, 0x00000000c5a00000| Complete 
|  51|0x00000000c5b00000, 0x00000000c5c00000, 0x00000000c5c00000|100%| E|CS|TAMS 0x00000000c5b00000, 0x00000000c5b00000| Complete 
|  52|0x00000000c5c00000, 0x00000000c5d00000, 0x00000000c5d00000|100%| E|CS|TAMS 0x00000000c5c00000, 0x00000000c5c00000| Complete 
|  53|0x00000000c5d00000, 0x00000000c5e00000, 0x00000000c5e00000|100%| E|CS|TAMS 0x00000000c5d00000, 0x00000000c5d00000| Complete 
|  54|0x00000000c5e00000, 0x00000000c5f00000, 0x00000000c5f00000|100%| E|CS|TAMS 0x00000000c5e00000, 0x00000000c5e00000| Complete 
|  55|0x00000000c5f00000, 0x00000000c6000000, 0x00000000c6000000|100%| E|CS|TAMS 0x00000000c5f00000, 0x00000000c5f00000| Complete 
|  56|0x00000000c6000000, 0x00000000c6100000, 0x00000000c6100000|100%| E|CS|TAMS 0x00000000c6000000, 0x00000000c6000000| Complete 
|  57|0x00000000c6100000, 0x00000000c6200000, 0x00000000c6200000|100%| E|CS|TAMS 0x00000000c6100000, 0x00000000c6100000| Complete 
|  58|0x00000000c6200000, 0x00000000c6300000, 0x00000000c6300000|100%| E|CS|TAMS 0x00000000c6200000, 0x00000000c6200000| Complete 
|  59|0x00000000c6300000, 0x00000000c6400000, 0x00000000c6400000|100%| E|CS|TAMS 0x00000000c6300000, 0x00000000c6300000| Complete 
|  60|0x00000000c6400000, 0x00000000c6500000, 0x00000000c6500000|100%| E|CS|TAMS 0x00000000c6400000, 0x00000000c6400000| Complete 
|  61|0x00000000c6500000, 0x00000000c6600000, 0x00000000c6600000|100%| E|CS|TAMS 0x00000000c6500000, 0x00000000c6500000| Complete 

Card table byte_map: [0x00000245fe4b0000,0x00000245fe6a0000] _byte_map_base: 0x00000245fde9c000

Marking Bits (Prev, Next): (CMBitMap*) 0x00000245fb124970, (CMBitMap*) 0x00000245fb1249b0
 Prev Bits: [0x00000245fe890000, 0x00000245ff7f0000)
 Next Bits: [0x00000245877a0000, 0x0000024588700000)

Polling page: 0x00000245f9020000

Metaspace:

Usage:
  Non-class:      5.40 MB used.
      Class:    782.16 KB used.
       Both:      6.16 MB used.

Virtual space:
  Non-class space:        8.00 MB reserved,       5.50 MB ( 69%) committed,  1 nodes.
      Class space:        1.00 GB reserved,     896.00 KB ( <1%) committed,  1 nodes.
             Both:        1.01 GB reserved,       6.38 MB ( <1%) committed. 

Chunk freelists:
   Non-Class:  2.11 MB
       Class:  3.11 MB
        Both:  5.22 MB

MaxMetaspaceSize: unlimited
CompressedClassSpaceSize: 1.00 GB
Initial GC threshold: 21.00 MB
Current GC threshold: 21.00 MB
CDS: on
MetaspaceReclaimPolicy: balanced
 - commit_granule_bytes: 65536.
 - commit_granule_words: 8192.
 - virtual_space_node_default_size: 1048576.
 - enlarge_chunks_in_place: 1.
 - new_chunks_are_fully_committed: 0.
 - uncommit_free_chunks: 1.
 - use_allocation_guard: 0.
 - handle_deallocations: 1.


Internal statistics:

num_allocs_failed_limit: 0.
num_arena_births: 166.
num_arena_deaths: 0.
num_vsnodes_births: 2.
num_vsnodes_deaths: 0.
num_space_committed: 102.
num_space_uncommitted: 0.
num_chunks_returned_to_freelist: 0.
num_chunks_taken_from_freelist: 252.
num_chunk_merges: 0.
num_chunk_splits: 153.
num_chunks_enlarged: 79.
num_purges: 0.
num_inconsistent_stats: 0.

CodeCache: size=49152Kb used=3140Kb max_used=3140Kb free=46011Kb
 bounds [0x00000245fb1b0000, 0x00000245fb4d0000, 0x00000245fe1b0000]
 total_blobs=1504 nmethods=1050 adapters=381
 compilation: enabled
              stopped_count=0, restarted_count=0
 full_count=0

Compilation events (20 events):
Event: 1.111 Thread 0x000002458a94f2d0 1003       1       java.lang.invoke.LambdaForm$Name::internArguments (62 bytes)
Event: 1.111 Thread 0x000002458a94f2d0 nmethod 1003 0x00000245fb4aab90 code [0x00000245fb4aad40, 0x00000245fb4aafe8]
Event: 1.111 Thread 0x000002458a94f2d0 1004       1       java.lang.invoke.LambdaFormBuffer::changeName (149 bytes)
Event: 1.112 Thread 0x000002458a94f2d0 nmethod 1004 0x00000245fb4ab110 code [0x00000245fb4ab2c0, 0x00000245fb4ab588]
Event: 1.113 Thread 0x000002458a94f2d0 1005       1       java.lang.invoke.LambdaFormEditor$TransformKey::bval (26 bytes)
Event: 1.113 Thread 0x000002458a94f2d0 nmethod 1005 0x00000245fb4ab710 code [0x00000245fb4ab8a0, 0x00000245fb4ab958]
Event: 1.113 Thread 0x000002458a94f2d0 1006       1       java.util.Arrays::rangeCheck (74 bytes)
Event: 1.114 Thread 0x000002458a94f2d0 nmethod 1006 0x00000245fb4aba10 code [0x00000245fb4abc40, 0x00000245fb4ac1c8]
Event: 1.114 Thread 0x000002458a94f2d0 1007       1       java.lang.invoke.LambdaForm::normalize (322 bytes)
Event: 1.115 Thread 0x000002458a94f2d0 nmethod 1007 0x00000245fb4aca90 code [0x00000245fb4accc0, 0x00000245fb4ad518]
Event: 1.115 Thread 0x000002458a94f2d0 1009       1       java.lang.invoke.MethodHandleNatives::refKindHasReceiver (33 bytes)
Event: 1.115 Thread 0x000002458a94f2d0 nmethod 1009 0x00000245fb4ada10 code [0x00000245fb4adba0, 0x00000245fb4adc58]
Event: 1.116 Thread 0x000002458a94f2d0 1012       1       java.lang.invoke.LambdaFormBuffer::indexOf (33 bytes)
Event: 1.117 Thread 0x000002458a94f2d0 nmethod 1012 0x00000245fb4ae310 code [0x00000245fb4ae4c0, 0x00000245fb4ae638]
Event: 1.117 Thread 0x000002458a94f2d0 1013       1       java.util.Arrays::fill (28 bytes)
Event: 1.117 Thread 0x000002458a94f2d0 nmethod 1013 0x00000245fb4ae710 code [0x00000245fb4ae8c0, 0x00000245fb4aeac8]
Event: 1.117 Thread 0x000002458a94f2d0 1017       1       java.lang.invoke.InvokerBytecodeGenerator::emitPushArguments (45 bytes)
Event: 1.117 Thread 0x000002458a94f2d0 nmethod 1017 0x00000245fb4af210 code [0x00000245fb4af3c0, 0x00000245fb4af598]
Event: 1.117 Thread 0x000002458a94f2d0 1018       1       java.lang.invoke.InvokerBytecodeGenerator::refKindOpcode (112 bytes)
Event: 1.118 Thread 0x000002458a94f2d0 nmethod 1018 0x00000245fb4af810 code [0x00000245fb4afa20, 0x00000245fb4aff78]

GC Heap History (0 events):
No events

Deoptimization events (0 events):
No events

Classes unloaded (0 events):
No events

Classes redefined (0 events):
No events

Internal exceptions (17 events):
Event: 0.497 Thread 0x000002458b67abd0 Exception <a 'java/lang/NoSuchMethodError'{0x00000000c607a590}: 'java.lang.Object java.lang.invoke.DirectMethodHandle$Holder.invokeStaticInit(java.lang.Object)'> (0x00000000c607a590) 
thrown [s\open\src\hotspot\share\interpreter\linkResolver.cpp, line 759]
Event: 0.508 Thread 0x000002458b67abd0 Exception <a 'java/lang/NoSuchMethodError'{0x00000000c6087a20}: 'void java.lang.invoke.DirectMethodHandle$Holder.invokeStatic(java.lang.Object, java.lang.Object)'> (0x00000000c6087a20) 
thrown [s\open\src\hotspot\share\interpreter\linkResolver.cpp, line 759]
Event: 0.576 Thread 0x00000245fb0e7dd0 Exception <a 'java/lang/NoSuchMethodError'{0x00000000c5f19950}: 'int java.lang.invoke.DirectMethodHandle$Holder.invokeInterface(java.lang.Object, java.lang.Object)'> (0x00000000c5f19950) 
thrown [s\open\src\hotspot\share\interpreter\linkResolver.cpp, line 759]
Event: 0.577 Thread 0x00000245fb0e7dd0 Exception <a 'java/lang/IncompatibleClassChangeError'{0x00000000c5f1cf50}: Found class java.lang.Object, but interface was expected> (0x00000000c5f1cf50) 
thrown [s\open\src\hotspot\share\interpreter\linkResolver.cpp, line 826]
Event: 0.623 Thread 0x00000245fb0e7dd0 Exception <a 'java/lang/NoSuchMethodError'{0x00000000c5fe83c8}: 'int java.lang.invoke.DirectMethodHandle$Holder.invokeSpecial(java.lang.Object, java.lang.Object, java.lang.Object)'> (0x00000000c5fe83c8) 
thrown [s\open\src\hotspot\share\interpreter\linkResolver.cpp, line 759]
Event: 0.707 Thread 0x00000245fb0e7dd0 Exception <a 'java/lang/NoSuchMethodError'{0x00000000c5ee2d48}: 'void java.lang.invoke.DirectMethodHandle$Holder.invokeStatic(java.lang.Object, java.lang.Object, java.lang.Object)'> (0x00000000c5ee2d48) 
thrown [s\open\src\hotspot\share\interpreter\linkResolver.cpp, line 759]
Event: 0.731 Thread 0x00000245fb0e7dd0 Exception <a 'java/lang/NoSuchMethodError'{0x00000000c5d1f990}: 'int java.lang.invoke.DirectMethodHandle$Holder.invokeSpecialIFC(java.lang.Object, java.lang.Object, java.lang.Object)'> (0x00000000c5d1f990) 
thrown [s\open\src\hotspot\share\interpreter\linkResolver.cpp, line 759]
Event: 0.787 Thread 0x00000245fb0e7dd0 Exception <a 'java/lang/NoSuchMethodError'{0x00000000c5d95d90}: 'java.lang.Object java.lang.invoke.DirectMethodHandle$Holder.invokeStaticInit(java.lang.Object, int, int, int, int)'> (0x00000000c5d95d90) 
thrown [s\open\src\hotspot\share\interpreter\linkResolver.cpp, line 759]
Event: 0.852 Thread 0x00000245fb0e7dd0 Exception <a 'java/lang/NoSuchMethodError'{0x00000000c5dca180}: 'java.lang.Object java.lang.invoke.DirectMethodHandle$Holder.invokeStaticInit(java.lang.Object, java.lang.Object, int, int, int, int)'> (0x00000000c5dca180) 
thrown [s\open\src\hotspot\share\interpreter\linkResolver.cpp, line 759]
Event: 0.890 Thread 0x00000245fb0e7dd0 Exception <a 'java/lang/ClassNotFoundException'{0x00000000c5de83e0}: javax/management/remote/rmi/RMIServerImpl_Skel> (0x00000000c5de83e0) 
thrown [s\open\src\hotspot\share\classfile\systemDictionary.cpp, line 256]
Event: 0.986 Thread 0x000002458bb5c510 Exception <a 'java/lang/NoSuchMethodError'{0x00000000c5bdae60}: static [B.<clinit>()V> (0x00000000c5bdae60) 
thrown [s\open\src\hotspot\share\prims\jni.cpp, line 1107]
Event: 1.004 Thread 0x000002458bb5c510 Exception <a 'java/lang/ClassNotFoundException'{0x00000000c5afdfe0}: javax/management/remote/rmi/RMIConnectionImpl_Skel> (0x00000000c5afdfe0) 
thrown [s\open\src\hotspot\share\classfile\systemDictionary.cpp, line 256]
Event: 1.005 Thread 0x000002458bbce8d0 Exception <a 'java/lang/NoSuchMethodError'{0x00000000c591d710}: 'java.lang.Object java.lang.invoke.Invokers$Holder.linkToTargetMethod(java.lang.Object, long, java.lang.Object)'> (0x00000000c591d710) 
thrown [s\open\src\hotspot\share\interpreter\linkResolver.cpp, line 759]
Event: 1.088 Thread 0x00000245fb0e7dd0 Exception <a 'java/lang/ClassNotFoundException'{0x00000000c5888a38}: javax/smartcardio/CardPermission> (0x00000000c5888a38) 
thrown [s\open\src\hotspot\share\classfile\systemDictionary.cpp, line 256]
Event: 1.093 Thread 0x00000245fb0e7dd0 Exception <a 'java/io/FileNotFoundException'{0x00000000c5896fa0}> (0x00000000c5896fa0) 
thrown [s\open\src\hotspot\share\prims\jni.cpp, line 516]
Event: 1.117 Thread 0x00000245fb0e7dd0 Exception <a 'java/lang/NoSuchMethodError'{0x00000000c58ee6a8}: 'java.lang.Object java.lang.invoke.DirectMethodHandle$Holder.invokeSpecial(java.lang.Object, java.lang.Object, java.lang.Object, long, java.lang.Object)'> (0x00000000c58ee6a8) 
thrown [s\open\src\hotspot\share\interpreter\linkResolver.cpp, line 759]
Event: 1.117 Thread 0x00000245fb0e7dd0 Exception <a 'java/lang/NoSuchMethodError'{0x00000000c58f2278}: 'java.lang.Object java.lang.invoke.Invokers$Holder.linkToTargetMethod(java.lang.Object, long, java.lang.Object, java.lang.Object)'> (0x00000000c58f2278) 
thrown [s\open\src\hotspot\share\interpreter\linkResolver.cpp, line 759]

VM Operations (12 events):
Event: 0.213 Executing VM operation: HandshakeAllThreads
Event: 0.213 Executing VM operation: HandshakeAllThreads done
Event: 0.485 Executing VM operation: HandshakeAllThreads
Event: 0.495 Executing VM operation: HandshakeAllThreads done
Event: 0.766 Executing VM operation: HandshakeAllThreads
Event: 0.766 Executing VM operation: HandshakeAllThreads done
Event: 0.889 Executing VM operation: HandshakeAllThreads
Event: 0.889 Executing VM operation: HandshakeAllThreads done
Event: 1.003 Executing VM operation: HandshakeAllThreads
Event: 1.003 Executing VM operation: HandshakeAllThreads done
Event: 1.010 Executing VM operation: HandshakeAllThreads
Event: 1.010 Executing VM operation: HandshakeAllThreads done

Events (20 events):
Event: 1.093 loading class sun/security/provider/PolicyFile$6
Event: 1.093 loading class sun/security/provider/PolicyFile$6 done
Event: 1.094 loading class sun/security/provider/PolicyFile$8
Event: 1.095 loading class sun/security/provider/PolicyFile$8 done
Event: 1.096 loading class sun/security/provider/PolicyFile$SelfPermission
Event: 1.096 loading class sun/security/provider/PolicyFile$SelfPermission done
Event: 1.096 loading class java/util/PropertyPermissionCollection
Event: 1.096 loading class java/util/PropertyPermissionCollection done
Event: 1.097 loading class java/util/PropertyPermissionCollection$1
Event: 1.097 loading class java/util/PropertyPermissionCollection$1 done
Event: 1.097 loading class java/io/FilePermissionCollection
Event: 1.097 loading class java/io/FilePermissionCollection done
Event: 1.097 loading class java/io/FilePermissionCollection$1
Event: 1.097 loading class java/io/FilePermissionCollection$1 done
Event: 1.097 loading class java/security/PermissionsEnumerator
Event: 1.097 loading class java/security/PermissionsEnumerator done
Event: 1.098 loading class java/security/AccessControlException
Event: 1.098 loading class java/security/AccessControlException done
Event: 1.119 loading class java/net/MalformedURLException
Event: 1.119 loading class java/net/MalformedURLException done


Dynamic libraries:
0x00007ff75b7a0000 - 0x00007ff75b7b0000 	C:\Program Files\Java\jdk-17.0.4.1\bin\java.exe
0x00007ff90eef0000 - 0x00007ff90f107000 	C:\WINDOWS\SYSTEM32\ntdll.dll
0x00007ff90d220000 - 0x00007ff90d2e4000 	C:\WINDOWS\System32\KERNEL32.DLL
0x00007ff90c860000 - 0x00007ff90cc17000 	C:\WINDOWS\System32\KERNELBASE.dll
0x00007ff90c740000 - 0x00007ff90c851000 	C:\WINDOWS\System32\ucrtbase.dll
0x00007ff8f72b0000 - 0x00007ff8f72c8000 	C:\Program Files\Java\jdk-17.0.4.1\bin\jli.dll
0x00007ff8f72d0000 - 0x00007ff8f72ea000 	C:\Program Files\Java\jdk-17.0.4.1\bin\VCRUNTIME140.dll
0x00007ff90d960000 - 0x00007ff90da12000 	C:\WINDOWS\System32\ADVAPI32.dll
0x00007ff90e2e0000 - 0x00007ff90e387000 	C:\WINDOWS\System32\msvcrt.dll
0x00007ff90cc20000 - 0x00007ff90ccc8000 	C:\WINDOWS\System32\sechost.dll
0x00007ff90c410000 - 0x00007ff90c438000 	C:\WINDOWS\System32\bcrypt.dll
0x00007ff90d7b0000 - 0x00007ff90d8c4000 	C:\WINDOWS\System32\RPCRT4.dll
0x00007ff90ced0000 - 0x00007ff90d07f000 	C:\WINDOWS\System32\USER32.dll
0x00007ff90c440000 - 0x00007ff90c466000 	C:\WINDOWS\System32\win32u.dll
0x00007ff8ed400000 - 0x00007ff8ed693000 	C:\WINDOWS\WinSxS\amd64_microsoft.windows.common-controls_6595b64144ccf1df_6.0.22621.3672_none_2713b9d173822955\COMCTL32.dll
0x00007ff90d780000 - 0x00007ff90d7a9000 	C:\WINDOWS\System32\GDI32.dll
0x00007ff90c470000 - 0x00007ff90c588000 	C:\WINDOWS\System32\gdi32full.dll
0x00007ff90c370000 - 0x00007ff90c40a000 	C:\WINDOWS\System32\msvcp_win.dll
0x00007ff908070000 - 0x00007ff90807a000 	C:\WINDOWS\SYSTEM32\VERSION.dll
0x00007ff90da90000 - 0x00007ff90dac1000 	C:\WINDOWS\System32\IMM32.DLL
0x00007ff908030000 - 0x00007ff90803c000 	C:\Program Files\Java\jdk-17.0.4.1\bin\vcruntime140_1.dll
0x00007ff8f7040000 - 0x00007ff8f70cd000 	C:\Program Files\Java\jdk-17.0.4.1\bin\msvcp140.dll
0x00007ff892af0000 - 0x00007ff8936b2000 	C:\Program Files\Java\jdk-17.0.4.1\bin\server\jvm.dll
0x00007ff90cde0000 - 0x00007ff90cde8000 	C:\WINDOWS\System32\PSAPI.DLL
0x00007ff8f1720000 - 0x00007ff8f1729000 	C:\WINDOWS\SYSTEM32\WSOCK32.dll
0x00007ff90d3b0000 - 0x00007ff90d421000 	C:\WINDOWS\System32\WS2_32.dll
0x00007ff907d00000 - 0x00007ff907d34000 	C:\WINDOWS\SYSTEM32\WINMM.dll
0x00007ff90b340000 - 0x00007ff90b358000 	C:\WINDOWS\SYSTEM32\kernel.appcore.dll
0x00007ff907f60000 - 0x00007ff907f6a000 	C:\Program Files\Java\jdk-17.0.4.1\bin\jimage.dll
0x00007ff908cc0000 - 0x00007ff908ef2000 	C:\WINDOWS\SYSTEM32\DBGHELP.DLL
0x00007ff90df50000 - 0x00007ff90e2de000 	C:\WINDOWS\System32\combase.dll
0x00007ff90cdf0000 - 0x00007ff90cec7000 	C:\WINDOWS\System32\OLEAUT32.dll
0x00007ff907130000 - 0x00007ff907162000 	C:\WINDOWS\SYSTEM32\dbgcore.DLL
0x00007ff90c600000 - 0x00007ff90c67b000 	C:\WINDOWS\System32\bcryptPrimitives.dll
0x00007ff907240000 - 0x00007ff90724e000 	C:\Program Files\Java\jdk-17.0.4.1\bin\instrument.dll
0x00007ff8f7280000 - 0x00007ff8f72a5000 	C:\Program Files\Java\jdk-17.0.4.1\bin\java.dll
0x00007ff8df500000 - 0x00007ff8df5d6000 	C:\Program Files\Java\jdk-17.0.4.1\bin\jsvml.dll
0x00007ff90e640000 - 0x00007ff90eea9000 	C:\WINDOWS\System32\SHELL32.dll
0x00007ff90a180000 - 0x00007ff90aa7f000 	C:\WINDOWS\SYSTEM32\windows.storage.dll
0x00007ff90a040000 - 0x00007ff90a17f000 	C:\WINDOWS\SYSTEM32\wintypes.dll
0x00007ff90e390000 - 0x00007ff90e489000 	C:\WINDOWS\System32\SHCORE.dll
0x00007ff90d350000 - 0x00007ff90d3ae000 	C:\WINDOWS\System32\shlwapi.dll
0x00007ff90c130000 - 0x00007ff90c157000 	C:\WINDOWS\SYSTEM32\profapi.dll
0x00007ff8f7180000 - 0x00007ff8f7198000 	C:\Program Files\Java\jdk-17.0.4.1\bin\zip.dll
0x00007ff8f71c0000 - 0x00007ff8f71d9000 	C:\Program Files\Java\jdk-17.0.4.1\bin\net.dll
0x00007ff907d40000 - 0x00007ff907e76000 	C:\WINDOWS\SYSTEM32\WINHTTP.dll
0x00007ff90b7b0000 - 0x00007ff90b819000 	C:\WINDOWS\system32\mswsock.dll
0x00007ff8f71a0000 - 0x00007ff8f71b6000 	C:\Program Files\Java\jdk-17.0.4.1\bin\nio.dll
0x00007ff8f6fe0000 - 0x00007ff8f6ffa000 	D:\IntelliJ IDEA 2024.3.3\bin\breakgen64.dll
0x00007ff90ae10000 - 0x00007ff90af12000 	C:\WINDOWS\SYSTEM32\DNSAPI.dll
0x00007ff90ad90000 - 0x00007ff90adbd000 	C:\WINDOWS\SYSTEM32\IPHLPAPI.DLL
0x00007ff90d750000 - 0x00007ff90d759000 	C:\WINDOWS\System32\NSI.dll
0x00007ff902260000 - 0x00007ff90226a000 	C:\Windows\System32\rasadhlp.dll
0x00007ff907170000 - 0x00007ff9071f3000 	C:\WINDOWS\System32\fwpuclnt.dll
0x00007ff906ef0000 - 0x00007ff906ef9000 	C:\Program Files\Java\jdk-17.0.4.1\bin\management.dll
0x00007ff8f7020000 - 0x00007ff8f702b000 	C:\Program Files\Java\jdk-17.0.4.1\bin\management_ext.dll
0x00007ff90ba00000 - 0x00007ff90ba1b000 	C:\WINDOWS\SYSTEM32\CRYPTSP.dll
0x00007ff90b2a0000 - 0x00007ff90b2d5000 	C:\WINDOWS\system32\rsaenh.dll
0x00007ff90b8a0000 - 0x00007ff90b8c8000 	C:\WINDOWS\SYSTEM32\USERENV.dll
0x00007ff90ba20000 - 0x00007ff90ba2c000 	C:\WINDOWS\SYSTEM32\CRYPTBASE.dll
0x00007ff908080000 - 0x00007ff908099000 	C:\WINDOWS\SYSTEM32\dhcpcsvc6.DLL
0x00007ff907ce0000 - 0x00007ff907cff000 	C:\WINDOWS\SYSTEM32\dhcpcsvc.DLL
0x00007ff907580000 - 0x00007ff907597000 	C:\WINDOWS\system32\napinsp.dll
0x00007ff907560000 - 0x00007ff90757b000 	C:\WINDOWS\system32\pnrpnsp.dll
0x00007ff906e10000 - 0x00007ff906e21000 	C:\WINDOWS\System32\winrnr.dll
0x00007ff8d9410000 - 0x00007ff8d9425000 	C:\WINDOWS\system32\wshbth.dll
0x00007ff908f40000 - 0x00007ff908f67000 	C:\WINDOWS\system32\nlansp_c.dll
0x00007ff8f2c20000 - 0x00007ff8f2c79000 	C:\WINDOWS\SYSTEM32\pdh.dll

dbghelp: loaded successfully - version: 4.0.5 - missing functions: none
symbol engine: initialized successfully - sym options: 0x614 - pdb path: .;C:\Program Files\Java\jdk-17.0.4.1\bin;C:\WINDOWS\SYSTEM32;C:\WINDOWS\WinSxS\amd64_microsoft.windows.common-controls_6595b64144ccf1df_6.0.22621.3672_none_2713b9d173822955;C:\Program Files\Java\jdk-17.0.4.1\bin\server;D:\IntelliJ IDEA 2024.3.3\bin

VM Arguments:
jvm_args: -XX:TieredStopAtLevel=1 -Dspring.output.ansi.enabled=always -Dcom.sun.management.jmxremote -Dspring.jmx.enabled=true -Dspring.liveBeansView.mbeanDomain -Dspring.application.admin.enabled=true -Dmanagement.endpoints.jmx.exposure.include=* -javaagent:D:\IntelliJ IDEA 2024.3.3\lib\idea_rt.jar=56591:D:\IntelliJ IDEA 2024.3.3\bin -Dfile.encoding=UTF-8 
java_command: com.example.proyecto_camila.ProyectoCamilaApplication
java_class_path (initial): C:\Users\crist\Downloads\proyecto_camila\target\classes;C:\Users\crist\.m2\repository\org\springframework\boot\spring-boot-starter-web\3.4.3\spring-boot-starter-web-3.4.3.jar;C:\Users\crist\.m2\repository\org\springframework\boot\spring-boot-starter\3.4.3\spring-boot-starter-3.4.3.jar;C:\Users\crist\.m2\repository\org\springframework\boot\spring-boot\3.4.3\spring-boot-3.4.3.jar;C:\Users\crist\.m2\repository\org\springframework\boot\spring-boot-autoconfigure\3.4.3\spring-boot-autoconfigure-3.4.3.jar;C:\Users\crist\.m2\repository\org\springframework\boot\spring-boot-starter-logging\3.4.3\spring-boot-starter-logging-3.4.3.jar;C:\Users\crist\.m2\repository\ch\qos\logback\logback-classic\1.5.16\logback-classic-1.5.16.jar;C:\Users\crist\.m2\repository\ch\qos\logback\logback-core\1.5.16\logback-core-1.5.16.jar;C:\Users\crist\.m2\repository\org\apache\logging\log4j\log4j-to-slf4j\2.24.3\log4j-to-slf4j-2.24.3.jar;C:\Users\crist\.m2\repository\org\apache\logging\log4j\log4j-api\2.24.3\log4j-api-2.24.3.jar;C:\Users\crist\.m2\repository\org\slf4j\jul-to-slf4j\2.0.16\jul-to-slf4j-2.0.16.jar;C:\Users\crist\.m2\repository\jakarta\annotation\jakarta.annotation-api\2.1.1\jakarta.annotation-api-2.1.1.jar;C:\Users\crist\.m2\repository\org\yaml\snakeyaml\2.3\snakeyaml-2.3.jar;C:\Users\crist\.m2\repository\org\springframework\boot\spring-boot-starter-json\3.4.3\spring-boot-starter-json-3.4.3.jar;C:\Users\crist\.m2\repository\com\fasterxml\jackson\core\jackson-databind\2.18.2\jackson-databind-2.18.2.jar;C:\Users\crist\.m2\repository\com\fasterxml\jackson\core\jackson-annotations\2.18.2\jackson-annotations-2.18.2.jar;C:\Users\crist\.m2\repository\com\fasterxml\jackson\core\jackson-core\2.18.2\jackson-core-2.18.2.jar;C:\Users\crist\.m2\repository\com\fasterxml\jackson\datatype\jackson-datatype-jdk8\2.18.2\jackson-datatype-jdk8-2.18.2.jar;C:\Users\crist\.m2\repository\com\fasterxml\jackson\datatype\jackson-datatype-jsr310\2.18.2\jackson-datatype-jsr310-2.18.2.ja
Launcher Type: SUN_STANDARD

[Global flags]
     intx CICompilerCount                          = 4                                         {product} {ergonomic}
     uint ConcGCThreads                            = 2                                         {product} {ergonomic}
     uint G1ConcRefinementThreads                  = 8                                         {product} {ergonomic}
   size_t G1HeapRegionSize                         = 1048576                                   {product} {ergonomic}
    uintx GCDrainStackTargetSize                   = 64                                        {product} {ergonomic}
   size_t InitialHeapSize                          = 65011712                                  {product} {ergonomic}
     bool ManagementServer                         = true                                      {product} {command line}
   size_t MarkStackSize                            = 4194304                                   {product} {ergonomic}
   size_t MaxHeapSize                              = 1031798784                                {product} {ergonomic}
   size_t MaxNewSize                               = 618659840                                 {product} {ergonomic}
   size_t MinHeapDeltaBytes                        = 1048576                                   {product} {ergonomic}
   size_t MinHeapSize                              = 8388608                                   {product} {ergonomic}
    uintx NonProfiledCodeHeapSize                  = 0                                      {pd product} {ergonomic}
     bool ProfileInterpreter                       = false                                  {pd product} {command line}
    uintx ProfiledCodeHeapSize                     = 0                                      {pd product} {ergonomic}
   size_t SoftMaxHeapSize                          = 1031798784                             {manageable} {ergonomic}
     intx TieredStopAtLevel                        = 1                                         {product} {command line}
     bool UseCompressedClassPointers               = true                           {product lp64_product} {ergonomic}
     bool UseCompressedOops                        = true                           {product lp64_product} {ergonomic}
     bool UseG1GC                                  = true                                      {product} {ergonomic}
     bool UseLargePagesIndividualAllocation        = false                                  {pd product} {ergonomic}

Logging:
Log output configuration:
 #0: stdout all=warning uptime,level,tags
 #1: stderr all=off uptime,level,tags

Environment Variables:
PATH=D:\Scripts\;D:\;C:\Program Files\Common Files\Oracle\Java\javapath;C:\WINDOWS\system32;C:\WINDOWS;C:\WINDOWS\System32\Wbem;C:\WINDOWS\System32\WindowsPowerShell\v1.0\;C:\WINDOWS\System32\OpenSSH\;C:\Program Files\Git\cmd;C:\Program Files\nodejs\;C:\Program Files\dotnet\;C:\xampp\php;C:\ProgramData\ComposerSetup\bin;C:\Program Files\MySQL\MySQL Shell 8.0\bin\;C:\Users\crist\AppData\Local\Microsoft\WindowsApps;C:\Users\crist\AppData\Local\GitHubDesktop\bin;C:\Users\crist\AppData\Roaming\npm;C:\Users\crist\.dotnet\tools;C:\Users\crist\AppData\Roaming\Composer\vendor\bin;D:\Microsoft VS Code\bin
USERNAME=crist
OS=Windows_NT
PROCESSOR_IDENTIFIER=Intel64 Family 6 Model 142 Stepping 12, GenuineIntel



---------------  S Y S T E M  ---------------

OS:
 Windows 11 , 64 bit Build 22621 (10.0.22621.3958)
OS uptime: 108 days 16:41 hours

CPU: total 8 (initial active 8) (4 cores per cpu, 2 threads per core) family 6 model 142 stepping 12 microcode 0xec, cx8, cmov, fxsr, ht, mmx, 3dnowpref, sse, sse2, sse3, ssse3, sse4.1, sse4.2, popcnt, lzcnt, tsc, tscinvbit, avx, avx2, aes, erms, clmul, bmi1, bmi2, adx, fma, vzeroupper, clflush, clflushopt

Memory: 4k page, system-wide physical 3929M (510M free)
TotalPageFile size 16217M (AvailPageFile size 0M)
current process WorkingSet (physical memory assigned to process): 60M, peak: 60M
current process commit charge ("private bytes"): 150M, peak: 150M

vm_info: Java HotSpot(TM) 64-Bit Server VM (17.0.4.1+1-LTS-2) for windows-amd64 JRE (17.0.4.1+1-LTS-2), built on Aug 16 2022 18:32:06 by "mach5one" with MS VC++ 16.8 / 16.9 (VS2019)

END.
